[www.globalgoals.org/goals/index.html]
[backblue.gif]
[fade.gif]
[index.html]
[globalgoalscms.co.uk/wp-content/uploads/2022/02/share.png]
[js.hsforms.net/forms/shell.js]
[www.googletagmanager.com/gtmaf31.js]
[www.globalgoals.org/static/globalgoals.module.fed44524a21ff3add7c3.js]
[www.globalgoals.org/static/layout-goal_layout-goals.module.17f2a3525a52aa9cb63c.js]
[www.globalgoals.org/static/layout-goals.module.8354687024b763671cea.js]
[www.globalgoals.org/static/globalgoals.es5.781b36e70a8a4f7196f5.js]
[www.globalgoals.org/static/layout-goal_layout-goals.es5.1c1e8b953334a145bf4e.js]
[www.globalgoals.org/goals/3-good-health-and-well-being/index.html]
[www.globalgoals.org/goals/1-no-poverty/index.html]
[www.globalgoals.org/goals/index.html]
[www.globalgoals.org/static/layout-goals.es5.a98ab3d9a86493c1304a.js]
[www.globalgoals.org/goals/2-zero-hunger/index.html]
[www.globalgoals.org/goals/4-quality-education/index.html]
[www.globalgoals.org/goals/5-gender-equality/index.html]
[www.globalgoals.org/goals/6-clean-water-and-sanitation/index.html]
[www.globalgoals.org/goals/7-affordable-and-clean-energy/index.html]
[www.globalgoals.org/goals/8-decent-work-and-economic-growth/index.html]
[www.globalgoals.org/goals/9-industry-innovation-and-infrastructure/index.html]
[www.globalgoals.org/goals/10-reduced-inequalities/index.html]
[www.globalgoals.org/goals/11-sustainable-cities-and-communities/index.html]
[www.globalgoals.org/goals/12-responsible-consumption-and-production/index.html]
[www.globalgoals.org/goals/13-climate-action/index.html]
[www.globalgoals.org/goals/14-life-below-water/index.html]
[globalgoalscms.co.uk/wp-content/uploads/2021/09/1.png]
[www.globalgoals.org/goals/15-life-on-land/index.html]
[www.globalgoals.org/static/layout-goal.module.a951d1455b9ddfc04a70.js]
[www.globalgoals.org/goals/16-peace-justice-and-strong-institutions/index.html]
[www.globalgoals.org/goals/1-no-poverty/index.html]
[www.globalgoals.org/static/layout-goal.es5.8a201775b84bc8545ab2.js]
[www.globalgoals.org/goals/17-partnerships-for-the-goals/index.html]
[globalgoalscms.co.uk/wp-content/uploads/2021/09/2.png]
[www.globalgoals.org/goals/2-zero-hunger/index.html]
[globalgoalscms.co.uk/wp-content/uploads/2021/09/3.png]
[www.globalgoals.org/goals/3-good-health-and-well-being/index.html]
[globalgoalscms.co.uk/wp-content/uploads/2021/09/4.png]
[www.globalgoals.org/goals/4-quality-education/index.html]
[globalgoalscms.co.uk/wp-content/uploads/2021/09/5.png]
[www.globalgoals.org/goals/5-gender-equality/index.html]
[globalgoalscms.co.uk/wp-content/uploads/2021/09/6.png]
[www.globalgoals.org/goals/6-clean-water-and-sanitation/index.html]
[globalgoalscms.co.uk/wp-content/uploads/2021/09/7.png]
[www.globalgoals.org/goals/7-affordable-and-clean-energy/index.html]
[globalgoalscms.co.uk/wp-content/uploads/2021/09/8.png]
[www.globalgoals.org/goals/8-decent-work-and-economic-growth/index.html]
[globalgoalscms.co.uk/wp-content/uploads/2021/09/9.png]
[www.globalgoals.org/goals/9-industry-innovation-and-infrastructure/index.html]
[globalgoalscms.co.uk/wp-content/uploads/2021/09/10.png]
[www.globalgoals.org/goals/10-reduced-inequalities/index.html]
[globalgoalscms.co.uk/wp-content/uploads/2021/09/11.png]
[www.globalgoals.org/goals/11-sustainable-cities-and-communities/index.html]
[globalgoalscms.co.uk/wp-content/uploads/2021/09/12.png]
[www.globalgoals.org/goals/12-responsible-consumption-and-production/index.html]
[globalgoalscms.co.uk/wp-content/uploads/2021/09/13.png]
[www.globalgoals.org/goals/13-climate-action/index.html]
[globalgoalscms.co.uk/wp-content/uploads/2021/09/14.png]
[www.globalgoals.org/goals/14-life-below-water/index.html]
[globalgoalscms.co.uk/wp-content/uploads/2021/09/15.png]
[www.globalgoals.org/goals/15-life-on-land/index.html]
[globalgoalscms.co.uk/wp-content/uploads/2021/09/16.png]
[www.globalgoals.org/goals/16-peace-justice-and-strong-institutions/index.html]
[globalgoalscms.co.uk/wp-content/uploads/2021/09/17.png]
[www.globalgoals.org/goals/17-partnerships-for-the-goals/index.html]
